psychval@penguin:~$ cd ../..//var/wwww/http
-bash: cd: ../..//var/wwww/http: No such file or directory
psychval@penguin:~$ cd ../..//var/wwww/
-bash: cd: ../..//var/wwww/: No such file or directory
psychval@penguin:~$ cd ../../var/www
psychval@penguin:/var/www$ cd http
-bash: cd: http: No such file or directory
psychval@penguin:/var/www$ ls
html
psychval@penguin:/var/www$ cd html
psychval@penguin:/var/www/html$ cd wordpressLocal/
psychval@penguin:/var/www/html/wordpressLocal$ ls
index.php        wp-blog-header.php    wp-cron.php        wp-mail.php
license.txt      wp-comments-post.php  wp-includes        wp-settings.php
readme.html      wp-config.php         wp-links-opml.php  wp-signup.php
wp-activate.php  wp-config-sample.php  wp-load.php        wp-trackback.php
wp-admin         wp-content            wp-login.php       xmlrpc.php
psychval@penguin:/var/www/html/wordpressLocal$ cd wp-plugins
-bash: cd: wp-plugins: No such file or directory
psychval@penguin:/var/www/html/wordpressLocal$ cd wp-content
psychval@penguin:/var/www/html/wordpressLocal/wp-content$ cd plugins
psychval@penguin:/var/www/html/wordpressLocal/wp-content/plugins$ ls
akismet  hello.php  index.php
psychval@penguin:/var/www/html/wordpressLocal/wp-content/plugins$ sudo mkdir wp-dashboard-widget
psychval@penguin:/var/www/html/wordpressLocal/wp-content/plugins$ cd wp-dashboard-widget/
psychval@penguin:/var/www/html/wordpressLocal/wp-content/plugins/wp-dashboard-widget$ 
psychval@penguin:/var/www/html/wordpressLocal/wp-content/plugins/wp-dashboard-widget$ mkdir wp-dashboard-widget.php
mkdir: cannot create directory ‘wp-dashboard-widget.php’: Permission denied
psychval@penguin:/var/www/html/wordpressLocal/wp-content/plugins/wp-dashboard-widget$ sudo mkdir wp-dashboard-widget.php
psychval@penguin:/var/www/html/wordpressLocal/wp-content/plugins/wp-dashboard-widget$ nano wp-dashboard-widget.php/
psychval@penguin:/var/www/html/wordpressLocal/wp-content/plugins/wp-dashboard-widget$ sudo nano wp-dashboard-widget.php/
psychval@penguin:/var/www/html/wordpressLocal/wp-content/plugins/wp-dashboard-widget$ sudo rm -rf wp-dashboard-widget.php/
psychval@penguin:/var/www/html/wordpressLocal/wp-content/plugins/wp-dashboard-widget$ sudo nano wp-dashboard-widget.php
psychval@penguin:/var/www/html/wordpressLocal/wp-content/plugins/wp-dashboard-widget$ sudo nano wp-dashboard-widget.php
psychval@penguin:/var/www/html/wordpressLocal/wp-content/plugins/wp-dashboard-widget$ sudo nano wp-dashboard-widget.php


Use "fg" to return to nano.

[1]+  Stopped                 sudo nano wp-dashboard-widget.php
psychval@penguin:/var/www/html/wordpressLocal/wp-content/plugins/wp-dashboard-widget$ ls
dashboard-widget.php  wp-dashboard-widget.php
psychval@penguin:/var/www/html/wordpressLocal/wp-content/plugins/wp-dashboard-widget$ sudo rm -rf dashboard-widget.php 
psychval@penguin:/var/www/html/wordpressLocal/wp-content/plugins/wp-dashboard-widget$ ls
wp-dashboard-widget.php
psychval@penguin:/var/www/html/wordpressLocal/wp-content/plugins/wp-dashboard-widget$ sudo nano wp-dashboard-widget.php
psychval@penguin:/var/www/html/wordpressLocal/wp-content/plugins/wp-dashboard-widget$ sudo mkdir client
psychval@penguin:/var/www/html/wordpressLocal/wp-content/plugins/wp-dashboard-widget$ ls
client  wp-dashboard-widget.php
psychval@penguin:/var/www/html/wordpressLocal/wp-content/plugins/wp-dashboard-widget$ cd client\
> 
psychval@penguin:/var/www/html/wordpressLocal/wp-content/plugins/wp-dashboard-widget/client$ npx create-react-app .
Need to install the following packages:
  create-react-app
Ok to proceed? (y) y
[..................] - reify: timing arborist:ctor Completed in 0ms
npm WARN EBADENGINE Unsupported engine {
npm WARN EBADENGINE   package: 'create-react-app@5.0.1',
npm WARN EBADENGINE   required: { node: '>=14' },
npm WARN EBADENGINE   current: { node: 'v12.22.12', npm: '7.5.2' }
npm WARN EBADENGINE }
npm WARN deprecated tar@2.2.2: This version of tar is no longer supported, and will not receive security updates. Please upgrade asap.
You are running Node 12.22.12.
Create React App requires Node 14 or higher. 
Please update your version of Node.
npm ERR! code 1
npm ERR! path /var/www/html/wordpressLocal/wp-content/plugins/wp-dashboard-widget/client
npm ERR! command failed
npm ERR! command sh -c create-react-app "."

npm ERR! A complete log of this run can be found in:
npm ERR!     /home/psychval/.npm/_logs/2023-02-05T07_46_43_890Z-debug.log
psychval@penguin:/var/www/html/wordpressLocal/wp-content/plugins/wp-dashboard-widget/client$ 
psychval@penguin:/var/www/html/wordpressLocal/wp-content/plugins/wp-dashboard-widget/client$ sudo npx
 create-react-app .
Need to install the following packages:
  create-react-app
Ok to proceed? (y) y
npm WARN EBADENGINE Unsupported engine {
npm WARN EBADENGINE   package: 'create-react-app@5.0.1',
npm WARN EBADENGINE   required: { node: '>=14' },
npm WARN EBADENGINE   current: { node: 'v12.22.12', npm: '7.5.2' }
npm WARN EBADENGINE }
npm WARN deprecated tar@2.2.2: This version of tar is no longer supported, and will not receive security updates. Please upgrade asap.
You are running Node 12.22.12.
Create React App requires Node 14 or higher. 
Please update your version of Node.
npm ERR! code 1
npm ERR! path /var/www/html/wordpressLocal/wp-content/plugins/wp-dashboard-widget/client
npm ERR! command failed
npm ERR! command sh -c create-react-app "."

npm ERR! A complete log of this run can be found in:
npm ERR!     /root/.npm/_logs/2023-02-05T07_47_07_841Z-debug.log
psychval@penguin:/var/www/html/wordpressLocal/wp-content/plugins/wp-dashboard-widget/client$ ls
psychval@penguin:/var/www/html/wordpressLocal/wp-content/plugins/wp-dashboard-widget/client$ sudo npx create-react-app .

Creating a new React app in /var/www/html/wordpressLocal/wp-content/plugins/wp-dashboard-widget/client.

Installing packages. This might take a couple of minutes.
Installing react, react-dom, and react-scripts with cra-template...


added 1416 packages in 4m

231 packages are looking for funding
  run `npm fund` for details

Initialized a git repository.

Installing template dependencies using npm...

added 55 packages in 24s

231 packages are looking for funding
  run `npm fund` for details
Removing template package using npm...


removed 1 package, and audited 1471 packages in 5s

231 packages are looking for funding
  run `npm fund` for details

6 high severity vulnerabilities

To address all issues (including breaking changes), run:
  npm audit fix --force

Run `npm audit` for details.
Git commit not created Error: Command failed: git commit -m "Initialize project using Create React App"
    at checkExecSyncError (node:child_process:885:11)
    at execSync (node:child_process:957:15)
  GNU nano 5.4                                    App.js                                             
import logo from './logo.svg';
import './App.css';

function App() {
  return (
    <div className="App">
      <header className="App-header">
        <img src={logo} className="App-logo" alt="logo" />
        <p>
          Edit <code>src/App.js</code> and save to reload.
        </p>
        <a
          className="App-link"
          href="https://reactjs.org"
          target="_blank"
          rel="noopener noreferrer"
        >
          Learn React
        </a>
      </header>
    </div>
  );
}

export default App;





















                                          [ Read 25 lines ]
^G Help       ^O Write Out  ^W Where Is   ^K Cut        ^T Execute    ^C Location   M-U Undo
^X Exit       ^R Read File  ^\ Replace    ^U Paste      ^J Justify    ^_ Go To Line M-E Redo
